

         NASA-GLENN CHEMICAL EQUILIBRIUM PROGRAM CEA2, FEBRUARY 5, 2004
                   BY  BONNIE MCBRIDE AND SANFORD GORDON
      REFS: NASA RP-1311, PART I, 1994 AND NASA RP-1311, PART II, 1996

 *******************************************************************************

  
 ### CEA analysis performed on Wed 07-Dec-2022 01:32:25
  
 # Problem Type: "Rocket" (Infinite Area Combustor)
  
 prob case=ldq____________1702 ro equilibrium frozen
  
 # Pressure (1 value):
 p,psia= 3000
 # Supersonic Area Ratio (3 values):
 supar= 1, 15, 35
  
 # Oxidizer/Fuel Wt. ratio (1 value):
 o/f= 6
  
 # You selected the following fuels and oxidizers:
 reac
 fuel H2(L)             wt%=100.0000
 oxid O2(L)             wt%=100.0000
  
 # You selected these options for output:
 # short version of output
 output short
 # Proportions of any products will be expressed as Mass Fractions.
 output massf
 # Heat will be expressed as siunits
 output siunits
  
 # Input prepared by this script:/var/www/sites/cearun.grc.nasa.gov/cgi-bin/CEARU
 N/prepareInputFile.cgi
  
 ### IMPORTANT:  The following line is the end of your CEA input file!
 end

              THEORETICAL ROCKET PERFORMANCE ASSUMING EQUILIBRIUM

           COMPOSITION DURING EXPANSION FROM INFINITE AREA COMBUSTOR

 Pin =  3000.0 PSIA
 CASE = ldq____________

             REACTANT                    WT FRACTION      ENERGY      TEMP
                                          (SEE NOTE)     KJ/KG-MOL      K  
 FUEL        H2(L)                        1.0000000     -9012.000     20.270
 OXIDANT     O2(L)                        1.0000000    -12979.000     90.170

 O/F=    6.00000  %FUEL= 14.285714  R,EQ.RATIO= 1.322780  PHI,EQ.RATIO= 1.322780

                 CHAMBER   THROAT     EXIT     EXIT     EXIT
 Pinf/P            1.0000   1.7403   1.7403   128.89   394.90
 P, BAR            206.84   118.85   118.85   1.6048  0.52378
 T, K             3598.76  3381.67  3381.67  1808.73  1470.06
 RHO, KG/CU M    9.4113 0 5.8080 0 5.8080 0 1.5057-1 6.0470-2
 H, KJ/KG         -986.31 -2161.66 -2161.66 -8758.51 -9837.54
 U, KJ/KG        -3184.12 -4208.00 -4208.00 -9824.35 -10703.7
 G, KJ/KG        -62768.7 -60217.2 -60217.2 -39810.3 -35075.2
 S, KJ/(KG)(K)    17.1677  17.1677  17.1677  17.1677  17.1677

 M, (1/n)          13.614   13.740   13.740   14.110   14.111
 (dLV/dLP)t      -1.01897 -1.01412 -1.01412 -1.00005 -1.00000
 (dLV/dLT)p        1.3291   1.2605   1.2605   1.0015   1.0001
 Cp, KJ/(KG)(K)    7.3140   6.6953   6.6953   3.3004   3.0762
 GAMMAs            1.1475   1.1487   1.1487   1.2181   1.2370
 SON VEL,M/SEC     1588.1   1533.2   1533.2   1139.4   1035.1
 MACH NUMBER        0.000    1.000    1.000    3.460    4.065

 PERFORMANCE PARAMETERS

 Ae/At                      1.0000   1.0000   15.000   35.000
 CSTAR, M/SEC               2322.8   2322.8   2322.8   2322.8
 CF                         0.6601   0.6601   1.6974   1.8114
 Ivac, M/SEC                2867.9   2867.9   4213.0   4413.3
 Isp, M/SEC                 1533.2   1533.2   3942.6   4207.4

 MASS FRACTIONS

 *H               0.00188  0.00149  0.00149  0.00001  0.00000
 HO2              0.00008  0.00004  0.00004  0.00000  0.00000
 *H2              0.03663  0.03594  0.03594  0.03485  0.03486
 H2O              0.90821  0.92443  0.92443  0.96509  0.96514
 H2O2             0.00004  0.00002  0.00002  0.00000  0.00000
 *O               0.00238  0.00143  0.00143  0.00000  0.00000
 *OH              0.04571  0.03347  0.03347  0.00004  0.00000
 *O2              0.00505  0.00318  0.00318  0.00000  0.00000

  * THERMODYNAMIC PROPERTIES FITTED TO 20000.K

 NOTE. WEIGHT FRACTION OF FUEL IN TOTAL FUELS AND OF OXIDANT IN TOTAL OXIDANTS

           THEORETICAL ROCKET PERFORMANCE ASSUMING FROZEN COMPOSITION

 Pin =  3000.0 PSIA
 CASE = ldq____________

             REACTANT                    WT FRACTION      ENERGY      TEMP
                                          (SEE NOTE)     KJ/KG-MOL      K  
 FUEL        H2(L)                        1.0000000     -9012.000     20.270
 OXIDANT     O2(L)                        1.0000000    -12979.000     90.170

 O/F=    6.00000  %FUEL= 14.285714  R,EQ.RATIO= 1.322780  PHI,EQ.RATIO= 1.322780

                 CHAMBER   THROAT     EXIT     EXIT     EXIT
 Pinf/P            1.0000   1.7687   1.7687   143.48   447.76
 P, BAR            206.84   116.94   116.94   1.4416  0.46195
 T, K             3598.76  3281.15  3281.15  1507.52  1196.43
 RHO, KG/CU M    9.4113 0 5.8359 0 5.8359 0 1.5659-1 6.3222-2
 H, KJ/KG         -986.31 -2183.62 -2183.62 -8377.89 -9314.67
 U, KJ/KG        -3184.12 -4187.46 -4187.46 -9298.55 -10045.3
 G, KJ/KG        -62768.7 -58513.4 -58513.4 -34258.5 -29854.6
 S, KJ/(KG)(K)    17.1677  17.1677  17.1677  17.1677  17.1677

 M, (1/n)          13.614   13.614   13.614   13.614   13.614
 Cp, KJ/(KG)(K)    3.7958   3.7423   3.7423   3.1137   2.9034
 GAMMAs            1.1917   1.1950   1.1950   1.2440   1.2664
 SON VEL,M/SEC     1618.4   1547.5   1547.5   1070.2    961.9
 MACH NUMBER        0.000    1.000    1.000    3.593    4.243

 PERFORMANCE PARAMETERS

 Ae/At                     1.00000   1.0000   15.000   35.000
 CSTAR, M/SEC               2290.4   2290.4   2290.4   2290.4
 CF                         0.6756   0.6756   1.6787   1.7819
 Ivac, M/SEC                2842.4   2842.4   4084.3   4260.3
 Isp, M/SEC                 1547.5   1547.5   3844.9   4081.3

 MASS FRACTIONS

 *H              0.00188   HO2             0.00008   *H2             0.03663
 H2O             0.90821   H2O2            0.00004   *O              0.00238
 *OH             0.04571   *O2             0.00505

  * THERMODYNAMIC PROPERTIES FITTED TO 20000.K

 NOTE. WEIGHT FRACTION OF FUEL IN TOTAL FUELS AND OF OXIDANT IN TOTAL OXIDANTS