

         NASA-GLENN CHEMICAL EQUILIBRIUM PROGRAM CEA2, FEBRUARY 5, 2004
                   BY  BONNIE MCBRIDE AND SANFORD GORDON
      REFS: NASA RP-1311, PART I, 1994 AND NASA RP-1311, PART II, 1996

 *******************************************************************************

  
 ### CEA analysis performed on Mon 05-Jun-2023 01:25:19
  
 # Problem Type: "Rocket" (Infinite Area Combustor)
  
 prob case=ddd____________2851 ro equilibrium frozen
  
 # Pressure (1 value):
 p,psia= 3000
 # Supersonic Area Ratio (3 values):
 supar= 3, 15, 35
  
 # Oxidizer/Fuel Wt. ratio (1 value):
 o/f= 2.6
  
 # You selected the following fuels and oxidizers:
 reac
 fuel C6H6(L)           wt%=100.0000  t,k= 293.150
 oxid O2(L)             wt%=100.0000
  
 # You selected these options for output:
 # long version of output
 # Proportions of any products will be expressed as Mass Fractions.
 output massf
 # Heat will be expressed as siunits
 output siunits
  
 # Input prepared by this script:/var/www/sites/cearun.grc.nasa.gov/cgi-bin/CEARU
 N/prepareInputFile.cgi
  
 ### IMPORTANT:  The following line is the end of your CEA input file!
 end

 OPTIONS: TP=F  HP=F  SP=F  TV=F  UV=F  SV=F  DETN=F  SHOCK=F  REFL=F  INCD=F
 RKT=T  FROZ=T  EQL=T  IONS=F  SIUNIT=T  DEBUGF=F  SHKDBG=F  DETDBG=F  TRNSPT=F

 TRACE= 0.00E+00  S/R= 0.000000E+00  H/R= 0.000000E+00  U/R= 0.000000E+00

 Pc,BAR =   206.841913

 Pc/P =

 SUBSONIC AREA RATIOS =

 SUPERSONIC AREA RATIOS =     3.0000    15.0000    35.0000

 NFZ=  1  Mdot/Ac= 0.000000E+00  Ac/At= 0.000000E+00

    REACTANT          WT.FRAC   (ENERGY/R),K   TEMP,K  DENSITY
        EXPLODED FORMULA
 F: C6H6(L)          1.000000   0.582150E+04   293.15  0.0000
          C  6.00000  H  6.00000
 O: O2(L)            1.000000  -0.156101E+04    90.17  0.0000
          O  2.00000

  SPECIES BEING CONSIDERED IN THIS SYSTEM
 (CONDENSED PHASE MAY HAVE NAME LISTED SEVERAL TIMES)
  LAST thermo.inp UPDATE:    9/09/04

  g 7/97  *C               tpis79  *CH              g 4/02  CH2            
  g 4/02  CH3              g11/00  CH2OH            g 7/00  CH3O           
  g 8/99  CH4              g 7/00  CH3OH            srd 01  CH3OOH         
  tpis79  *CO              g 9/99  *CO2             tpis91  COOH           
  tpis91  *C2              g 6/01  C2H              g 1/91  C2H2,acetylene 
  g 5/01  C2H2,vinylidene  g 4/02  CH2CO,ketene     g 3/02  O(CH)2O        
  srd 01  HO(CO)2OH        g 7/01  C2H3,vinyl       g 6/96  CH3CO,acetyl   
  g 1/00  C2H4             g 8/88  C2H4O,ethylen-o  g 8/88  CH3CHO,ethanal 
  g 6/00  CH3COOH          srd 01  OHCH2COOH        g 7/00  C2H5           
  g 7/00  C2H6             g 8/88  C2H5OH           g 7/00  CH3OCH3        
  srd 01  CH3O2CH3         g 8/00  C2O              tpis79  *C3            
  n 4/98  C3H3,1-propynl   n 4/98  C3H3,2-propynl   g 2/00  C3H4,allene    
  g 1/00  C3H4,propyne     g 5/90  C3H4,cyclo-      g 3/01  C3H5,allyl     
  g 2/00  C3H6,propylene   g 1/00  C3H6,cyclo-      g 6/01  C3H6O,propylox 
  g 6/97  C3H6O,acetone    g 1/02  C3H6O,propanal   g 7/01  C3H7,n-propyl  
  g 9/85  C3H7,i-propyl    g 2/00  C3H8             g 2/00  C3H8O,1propanol
  g 2/00  C3H8O,2propanol  g 7/88  C3O2             g tpis  *C4            
  g 7/01  C4H2,butadiyne   g 8/00  C4H4,1,3-cyclo-  n10/92  C4H6,butadiene 
  n10/93  C4H6,1butyne     n10/93  C4H6,2butyne     g 8/00  C4H6,cyclo-    
  n 4/88  C4H8,1-butene    n 4/88  C4H8,cis2-buten  n 4/88  C4H8,tr2-butene
  n 4/88  C4H8,isobutene   g 8/00  C4H8,cyclo-      g10/00  (CH3COOH)2     
  n10/84  C4H9,n-butyl     n10/84  C4H9,i-butyl     g 1/93  C4H9,s-butyl   
  g 1/93  C4H9,t-butyl     g12/00  C4H10,n-butane   g 8/00  C4H10,isobutane
  g 8/00  *C5              g 5/90  C5H6,1,3cyclo-   g 1/93  C5H8,cyclo-    
  n 4/87  C5H10,1-pentene  g 2/01  C5H10,cyclo-     n10/84  C5H11,pentyl   
  g 1/93  C5H11,t-pentyl   n10/85  C5H12,n-pentane  n10/85  C5H12,i-pentane
  n10/85  CH3C(CH3)2CH3    g 2/93  C6H2             g11/00  C6H5,phenyl    
  g 8/00  C6H5O,phenoxy    g 8/00  C6H6             g 8/00  C6H5OH,phenol  
  g 1/93  C6H10,cyclo-     n 4/87  C6H12,1-hexene   g 6/90  C6H12,cyclo-   
  n10/83  C6H13,n-hexyl    g 6/01  C6H14,n-hexane   g 7/01  C7H7,benzyl    
  g 1/93  C7H8             g12/00  C7H8O,cresol-mx  n 4/87  C7H14,1-heptene
  n10/83  C7H15,n-heptyl   n10/85  C7H16,n-heptane  n10/85  C7H16,2-methylh
  n 4/89  C8H8,styrene     n10/86  C8H10,ethylbenz  n 4/87  C8H16,1-octene 
  n10/83  C8H17,n-octyl    n 4/85  C8H18,n-octane   n 4/85  C8H18,isooctane
  n10/83  C9H19,n-nonyl    g 3/01  C10H8,naphthale  n10/83  C10H21,n-decyl 
  G12/12  C11H21           g 8/00  C12H9,o-bipheny  g 8/00  C12H10,biphenyl
  g 6/97  *H               g 1/01  HCO              g 6/01  HCCO           
  g 4/02  HO2              tpis78  *H2              g 5/01  HCHO,formaldehy
  g 6/01  HCOOH            g 8/89  H2O              g 6/99  H2O2           
  g 6/01  (HCOOH)2         g 5/97  *O               g 4/02  *OH            
  tpis89  *O2              g 8/01  O3               g 12/0  THDCPD,endo    
  g 12/0  THDCPD,exo       n 4/83  C(gr)            n 4/83  C(gr)          
  n 4/83  C(gr)            n12/84  CH3OH(L)         n12/84  C2H5OH(L)      
  n 4/85  C6H14(L),n-hexa  n10/86  C6H6(L)          g11/99  H2O(cr)        
  g 8/01  H2O(L)           g 8/01  H2O(L)         

 O/F =   2.600000

                       EFFECTIVE FUEL     EFFECTIVE OXIDANT        MIXTURE
 ENTHALPY                  h(2)/R              h(1)/R               h0/R
 (KG-MOL)(K)/KG        0.74527750E+02     -0.48783267E+02     -0.14530207E+02

 KG-FORM.WT./KG             bi(2)               bi(1)               b0i
  *C                   0.76812939E-01      0.00000000E+00      0.21336927E-01
  *H                   0.76812939E-01      0.00000000E+00      0.21336927E-01
  *O                   0.00000000E+00      0.62502344E-01      0.45140582E-01

 POINT ITN      T            C           H           O 
 Pinf/Pt = 1.735799
 Pinf/Pt = 1.731995

              THEORETICAL ROCKET PERFORMANCE ASSUMING EQUILIBRIUM

           COMPOSITION DURING EXPANSION FROM INFINITE AREA COMBUSTOR

 Pin =  3000.0 PSIA
 CASE = ddd____________

             REACTANT                    WT FRACTION      ENERGY      TEMP
                                          (SEE NOTE)     KJ/KG-MOL      K  
 FUEL        C6H6(L)                      1.0000000     48402.918    293.150
 OXIDANT     O2(L)                        1.0000000    -12979.000     90.170

 O/F=    2.60000  %FUEL= 27.777778  R,EQ.RATIO= 1.181693  PHI,EQ.RATIO= 1.181693

                 CHAMBER   THROAT     EXIT     EXIT     EXIT
 Pinf/P            1.0000   1.7320   13.445   106.13   299.16
 P, BAR            206.84   119.42   15.384   1.9489  0.69140
 T, K             4025.95  3822.97  3198.58  2693.98  2443.88
 RHO, KG/CU M    1.6773 1 1.0354 1 1.6812 0 2.6456-1 1.0518-1
 H, KJ/KG         -120.81  -775.88 -2881.51 -4580.40 -5302.61
 U, KJ/KG        -1354.00 -1929.28 -3796.55 -5317.05 -5959.94
 G, KJ/KG        -39621.7 -38285.3 -34264.7 -31012.6 -29280.9
 S, KJ/(KG)(K)     9.8116   9.8116   9.8116   9.8116   9.8116

 M, (1/n)          27.144   27.559   29.064   30.407   30.912
 (dLV/dLP)t      -1.05406 -1.05071 -1.03600 -1.01699 -1.00700
 (dLV/dLT)p        1.8521   1.8451   1.7261   1.4107   1.1869
 Cp, KJ/(KG)(K)    5.9021   6.0294   5.9452   4.4456   3.0531
 GAMMAs            1.1415   1.1359   1.1203   1.1179   1.1326
 SON VEL,M/SEC     1186.5   1144.6   1012.5    907.5    862.9
 MACH NUMBER        0.000    1.000    2.321    3.291    3.731

 PERFORMANCE PARAMETERS

 Ae/At                      1.0000   3.0000   15.000   35.000
 CSTAR, M/SEC               1745.3   1745.3   1745.3   1745.3
 CF                         0.6558   1.3463   1.7112   1.8445
 Ivac, M/SEC                2152.3   2739.2   3233.2   3423.4
 Isp, M/SEC                 1144.6   2349.8   2986.5   3219.3

 MASS FRACTIONS

 *CO              0.36348  0.34729  0.28729  0.23372  0.21413
 *CO2             0.36773  0.39324  0.48762  0.57181  0.60259
 COOH             0.00010  0.00006  0.00001  0.00000  0.00000
 *H               0.00081  0.00072  0.00043  0.00022  0.00013
 HCO              0.00006  0.00003  0.00000  0.00000  0.00000
 HO2              0.00042  0.00028  0.00005  0.00001  0.00000
 *H2              0.00263  0.00250  0.00208  0.00180  0.00179
 HCOOH            0.00001  0.00001  0.00000  0.00000  0.00000
 H2O              0.13514  0.14022  0.15641  0.16845  0.17248
 H2O2             0.00005  0.00003  0.00000  0.00000  0.00000
 *O               0.01507  0.01250  0.00541  0.00141  0.00040
 *OH              0.04933  0.04366  0.02517  0.01069  0.00496
 *O2              0.06517  0.05946  0.03553  0.01189  0.00354

  * THERMODYNAMIC PROPERTIES FITTED TO 20000.K

    PRODUCTS WHICH WERE CONSIDERED BUT WHOSE MASS FRACTIONS
    WERE LESS THAN 5.000000E-06 FOR ALL ASSIGNED CONDITIONS

 *C              *CH             CH2             CH3             CH2OH          
 CH3O            CH4             CH3OH           CH3OOH          *C2            
 C2H             C2H2,acetylene  C2H2,vinylidene CH2CO,ketene    O(CH)2O        
 HO(CO)2OH       C2H3,vinyl      CH3CO,acetyl    C2H4            C2H4O,ethylen-o
 CH3CHO,ethanal  CH3COOH         OHCH2COOH       C2H5            C2H6           
 C2H5OH          CH3OCH3         CH3O2CH3        C2O             *C3            
 C3H3,1-propynl  C3H3,2-propynl  C3H4,allene     C3H4,propyne    C3H4,cyclo-    
 C3H5,allyl      C3H6,propylene  C3H6,cyclo-     C3H6O,propylox  C3H6O,acetone  
 C3H6O,propanal  C3H7,n-propyl   C3H7,i-propyl   C3H8            C3H8O,1propanol
 C3H8O,2propanol C3O2            *C4             C4H2,butadiyne  C4H4,1,3-cyclo-
 C4H6,butadiene  C4H6,1butyne    C4H6,2butyne    C4H6,cyclo-     C4H8,1-butene  
 C4H8,cis2-buten C4H8,tr2-butene C4H8,isobutene  C4H8,cyclo-     (CH3COOH)2     
 C4H9,n-butyl    C4H9,i-butyl    C4H9,s-butyl    C4H9,t-butyl    C4H10,n-butane 
 C4H10,isobutane *C5             C5H6,1,3cyclo-  C5H8,cyclo-     C5H10,1-pentene
 C5H10,cyclo-    C5H11,pentyl    C5H11,t-pentyl  C5H12,n-pentane C5H12,i-pentane
 CH3C(CH3)2CH3   C6H2            C6H5,phenyl     C6H5O,phenoxy   C6H6           
 C6H5OH,phenol   C6H10,cyclo-    C6H12,1-hexene  C6H12,cyclo-    C6H13,n-hexyl  
 C6H14,n-hexane  C7H7,benzyl     C7H8            C7H8O,cresol-mx C7H14,1-heptene
 C7H15,n-heptyl  C7H16,n-heptane C7H16,2-methylh C8H8,styrene    C8H10,ethylbenz
 C8H16,1-octene  C8H17,n-octyl   C8H18,n-octane  C8H18,isooctane C9H19,n-nonyl  
 C10H8,naphthale C10H21,n-decyl  C11H21          C12H9,o-bipheny C12H10,biphenyl
 HCCO            HCHO,formaldehy (HCOOH)2        O3              THDCPD,endo    
 THDCPD,exo      C(gr)           CH3OH(L)        C2H5OH(L)       C6H14(L),n-hexa
 C6H6(L)         H2O(cr)         H2O(L)         

 NOTE. WEIGHT FRACTION OF FUEL IN TOTAL FUELS AND OF OXIDANT IN TOTAL OXIDANTS

           THEORETICAL ROCKET PERFORMANCE ASSUMING FROZEN COMPOSITION

 Pin =  3000.0 PSIA
 CASE = ddd____________

             REACTANT                    WT FRACTION      ENERGY      TEMP
                                          (SEE NOTE)     KJ/KG-MOL      K  
 FUEL        C6H6(L)                      1.0000000     48402.918    293.150
 OXIDANT     O2(L)                        1.0000000    -12979.000     90.170

 O/F=    2.60000  %FUEL= 27.777778  R,EQ.RATIO= 1.181693  PHI,EQ.RATIO= 1.181693

                 CHAMBER   THROAT     EXIT     EXIT     EXIT
 Pinf/P            1.0000   1.7806   15.769   148.07   458.57
 P, BAR            206.84   116.16   13.117   1.3970  0.45106
 T, K             4025.95  3637.41  2456.43  1608.39  1283.98
 RHO, KG/CU M    1.6773 1 1.0426 1 1.7433 0 2.8355-1 1.1469-1
 H, KJ/KG         -120.81  -797.45 -2809.86 -4186.60 -4685.65
 U, KJ/KG        -1354.00 -1911.62 -3562.29 -4679.27 -5078.94
 G, KJ/KG        -39621.7 -36486.2 -26911.4 -19967.5 -17283.5
 S, KJ/(KG)(K)     9.8116   9.8116   9.8116   9.8116   9.8116

 M, (1/n)          27.144   27.144   27.144   27.144   27.144
 Cp, KJ/(KG)(K)    1.7490   1.7337   1.6669   1.5682   1.5051
 GAMMAs            1.2123   1.2146   1.2251   1.2427   1.2555
 SON VEL,M/SEC     1222.7   1163.3    960.1    782.5    702.7
 MACH NUMBER        0.000    1.000    2.415    3.644    4.300

 PERFORMANCE PARAMETERS

 Ae/At                      1.0000   3.0000   15.000   35.000
 CSTAR, M/SEC               1705.4   1705.4   1705.4   1705.4
 CF                         0.6821   1.3598   1.6721   1.7717
 Ivac, M/SEC                2121.1   2643.5   3024.4   3151.7
 Isp, M/SEC                 1163.3   2319.1   2851.6   3021.5

 MASS FRACTIONS

 *CO             0.36348   *CO2            0.36773   COOH            0.00010
 *H              0.00081   HCO             0.00006   HO2             0.00042
 *H2             0.00263   HCOOH           0.00001   H2O             0.13514
 H2O2            0.00005   *O              0.01507   *OH             0.04933
 *O2             0.06517

  * THERMODYNAMIC PROPERTIES FITTED TO 20000.K

    PRODUCTS WHICH WERE CONSIDERED BUT WHOSE MASS FRACTIONS
    WERE LESS THAN 5.000000E-06 FOR ALL ASSIGNED CONDITIONS

 *C              *CH             CH2             CH3             CH2OH          
 CH3O            CH4             CH3OH           CH3OOH          *C2            
 C2H             C2H2,acetylene  C2H2,vinylidene CH2CO,ketene    O(CH)2O        
 HO(CO)2OH       C2H3,vinyl      CH3CO,acetyl    C2H4            C2H4O,ethylen-o
 CH3CHO,ethanal  CH3COOH         OHCH2COOH       C2H5            C2H6           
 C2H5OH          CH3OCH3         CH3O2CH3        C2O             *C3            
 C3H3,1-propynl  C3H3,2-propynl  C3H4,allene     C3H4,propyne    C3H4,cyclo-    
 C3H5,allyl      C3H6,propylene  C3H6,cyclo-     C3H6O,propylox  C3H6O,acetone  
 C3H6O,propanal  C3H7,n-propyl   C3H7,i-propyl   C3H8            C3H8O,1propanol
 C3H8O,2propanol C3O2            *C4             C4H2,butadiyne  C4H4,1,3-cyclo-
 C4H6,butadiene  C4H6,1butyne    C4H6,2butyne    C4H6,cyclo-     C4H8,1-butene  
 C4H8,cis2-buten C4H8,tr2-butene C4H8,isobutene  C4H8,cyclo-     (CH3COOH)2     
 C4H9,n-butyl    C4H9,i-butyl    C4H9,s-butyl    C4H9,t-butyl    C4H10,n-butane 
 C4H10,isobutane *C5             C5H6,1,3cyclo-  C5H8,cyclo-     C5H10,1-pentene
 C5H10,cyclo-    C5H11,pentyl    C5H11,t-pentyl  C5H12,n-pentane C5H12,i-pentane
 CH3C(CH3)2CH3   C6H2            C6H5,phenyl     C6H5O,phenoxy   C6H6           
 C6H5OH,phenol   C6H10,cyclo-    C6H12,1-hexene  C6H12,cyclo-    C6H13,n-hexyl  
 C6H14,n-hexane  C7H7,benzyl     C7H8            C7H8O,cresol-mx C7H14,1-heptene
 C7H15,n-heptyl  C7H16,n-heptane C7H16,2-methylh C8H8,styrene    C8H10,ethylbenz
 C8H16,1-octene  C8H17,n-octyl   C8H18,n-octane  C8H18,isooctane C9H19,n-nonyl  
 C10H8,naphthale C10H21,n-decyl  C11H21          C12H9,o-bipheny C12H10,biphenyl
 HCCO            HCHO,formaldehy (HCOOH)2        O3              THDCPD,endo    
 THDCPD,exo      C(gr)           CH3OH(L)        C2H5OH(L)       C6H14(L),n-hexa
 C6H6(L)         H2O(cr)         H2O(L)         

 NOTE. WEIGHT FRACTION OF FUEL IN TOTAL FUELS AND OF OXIDANT IN TOTAL OXIDANTS